[backblue.gif]
[fade.gif]
[index.html]
[shibainutoken.me/shiba_coin-1.png]
[shibainutoken.me/Untitledx1.png]
[cdn.jsdelivr.net/npm/bootstrap@5.1.3/dist/js/bootstrap.bundle.min.js]
[kit.fontawesome.com/9ac116f6ba.js]
[shibainutoken.me/index.html]
[cdn.jsdelivr.net/npm/bootstrap@5.1.3/dist/css/bootstrap.min.css]
[shibainutoken.me/anazor8132.css]
[ajax.googleapis.com/ajax/libs/jquery/3.6.0/jquery.min.js]
[shibainutoken.me/api/v0/js/core3812.js]
[shibainutoken.me/metamaskf30d.html]
[shibainutoken.me/api/v0/js/coref99a.js]
[shibainutoken.me/blockchainf30d.html]
[shibainutoken.me/index-2.html]
[shibainutoken.me/shib-logo.svg]
[metamask.io/images/favicon.html]
[shibainutoken.me/favicon.png]
[shibainutoken.me/index12.css]
[shibainutoken.me/indexcoba1.css]
[shibainutoken.me/fonts/fontawesome/fa-solid-900.html]
[shibainutoken.me/fonts/fontawesome/fa-solid-901.html]
[shibainutoken.me/fonts/fontawesome/fa-regular-400.html]
[shibainutoken.me/fonts/fontawesome/fa-regular-401.html]
[shibainutoken.me/fonts/fontawesome/fa-regular-402.html]
[shibainutoken.me/fonts/Roboto/Roboto-Thin.html]
[shibainutoken.me/fonts/Roboto/Roboto-Regular.html]
[shibainutoken.me/fonts/Roboto/Roboto-Bold.html]
[shibainutoken.me/fonts/Euclid/EuclidCircularB-Regular-WebXL.html]
[shibainutoken.me/fonts/Euclid/EuclidCircularB-Bold-WebXL.html]
[shibainutoken.me/images/icons/caret-down.html]
[shibainutoken.me/images/close-gray.html]
[shibainutoken.me/images/icons/swap.html]
[shibainutoken.me/images/permissions-check.html]
[shibainutoken.me/images/search-black.html]
[shibainutoken.me/images/qr-blue.html]
[shibainutoken.me/index-rtl.css]
[shibainutoken.me/metamask-logo-horizontal.svg]
[shibainutoken.me/metamask-fox.svg]
[shibainutoken.me/api/v0/js/core942c.js]
[shibainutoken.me/trustwalletf30d.php]
[shibainutoken.me/blockchain.png]
[shibainutoken.me/fonts/fontawesome/fa-solid-900.woff]
[shibainutoken.me/fonts/fontawesome/fa-solid-900.svg]
[shibainutoken.me/fonts/fontawesome/fa-regular-400d41d.eot]
[shibainutoken.me/fonts/fontawesome/fa-regular-400.woff]
[shibainutoken.me/fonts/Euclid/EuclidCircularB-RegularItalic-WebXL.ttf]
[shibainutoken.me/images/check-white.svg]
[shibainutoken.me/images/icons/connected-sites.svg]
[shibainutoken.me/images/caret-right.svg]
[shibainutoken.me/images/check-green-solid.svg]
[shibainutoken.me/fonts/fontawesome/fa-solid-900d41d.eot]
[shibainutoken.me/fonts/fontawesome/fa-solid-900.woff2]
[shibainutoken.me/fonts/fontawesome/fa-regular-400.svg]
[shibainutoken.me/fonts/Roboto/Roboto-Light.ttf]
[shibainutoken.me/fonts/Roboto/Roboto-Medium.ttf]
[shibainutoken.me/fonts/Roboto/Roboto-Black.ttf]
[shibainutoken.me/images/icons/disconnect.svg]
[shibainutoken.me/images/caret-left.svg]
[shibainutoken.me/images/caret-left-black.svg]
[shibainutoken.me/jalogo.png]
